../Core/Src/uartRingBuffer.c:32:6:Ringbuf_init	4	static
../Core/Src/uartRingBuffer.c:44:6:store_char	24	static
../Core/Src/uartRingBuffer.c:60:5:check_for	32	static
../Core/Src/uartRingBuffer.c:93:5:Uart_read	16	static
../Core/Src/uartRingBuffer.c:110:6:Uart_write	24	static
../Core/Src/uartRingBuffer.c:126:5:IsDataAvailable	4	static
../Core/Src/uartRingBuffer.c:133:6:Uart_sendstring	16	static
../Core/Src/uartRingBuffer.c:138:6:Uart_printbase	64	static
../Core/Src/uartRingBuffer.c:158:6:GetDataFromBuffer	56	static
../Core/Src/uartRingBuffer.c:215:6:Uart_flush	8	static
../Core/Src/uartRingBuffer.c:222:5:Uart_peek	4	static
../Core/Src/uartRingBuffer.c:240:5:Copy_upto	32	static
../Core/Src/uartRingBuffer.c:278:5:Get_after	32	static
../Core/Src/uartRingBuffer.c:336:5:Wait_for	24	static
../Core/Src/uartRingBuffer.c:375:6:Uart_isr	32	static
